Script started on 2024-03-14 16:57:23+09:00
sh-4.4$ bash
[r00046@a25-7109c akaikkr]$ . /vol0004/apps/oss/spack-v0.21/share/spack/setup-env.sh
[r00046@a25-7109c akaikkr]$ spack load akaikkr@2021v002
[r00046@a25-7109c akaikkr]$ k ls
cpa2021v02.tgz	numcor.f.patch	package.py  setomp.f.patch  spmain.f.patch
[r00046@a25-7109c akaikkr]$ cd ../
[r00046@a25-7109c recipe]$ ls
akaikkr/
[r00046@a25-7109c recipe]$ tar zxvf akaikkr/cpa2021v02.tgz
cpa2021v02/
cpa2021v02/source/
cpa2021v02/source/inqbrv.f
cpa2021v02/source/bzvrtx.f
cpa2021v02/source/ludcmp.f
cpa2021v02/source/genrpt.f
cpa2021v02/source/relred.f
cpa2021v02/source/excvbh.f
cpa2021v02/source/dplini.f
cpa2021v02/source/excvwn.f
cpa2021v02/source/curie.f
cpa2021v02/source/rotall.f
cpa2021v02/source/spmfld.f
cpa2021v02/source/gsdatp.f
cpa2021v02/source/cartes.f
cpa2021v02/source/cinvrn.f
cpa2021v02/source/gensm.f
cpa2021v02/source/cemesh.f
cpa2021v02/source/fxspin.f
cpa2021v02/source/nzelem.f
cpa2021v02/source/tltcry.f
cpa2021v02/source/realh.f
cpa2021v02/source/cinvry.f
cpa2021v02/source/cpolin.f
cpa2021v02/source/prntcs.f
cpa2021v02/source/rgconv.f
cpa2021v02/source/chebpc.f
cpa2021v02/source/atmmas.f
cpa2021v02/source/pyexch.f
cpa2021v02/source/cgtabl.f
cpa2021v02/source/wscell.f
cpa2021v02/source/setomp.f
cpa2021v02/source/gmtrns.f
cpa2021v02/source/rmserb.f
cpa2021v02/source/hypera.f
cpa2021v02/source/cg.f
cpa2021v02/source/lindx.f
cpa2021v02/source/genlpt.f
cpa2021v02/source/cstate.f
cpa2021v02/source/avearr.f
cpa2021v02/source/bravai.f
cpa2021v02/source/asymbl.f
cpa2021v02/source/kkrsed.f
cpa2021v02/source/lwcase.f
cpa2021v02/source/julday.f
cpa2021v02/source/cinvrz.f
cpa2021v02/source/eqvlat.f
cpa2021v02/source/hhforb.f
cpa2021v02/source/prdmtr.f
cpa2021v02/source/drvlud.f
cpa2021v02/source/jkkr.f
cpa2021v02/source/gntcds.f
cpa2021v02/source/udate.f
cpa2021v02/source/totalw.f
cpa2021v02/source/diffn.f
cpa2021v02/source/srtrns.f
cpa2021v02/source/laguer.f
cpa2021v02/source/lubksb.f
cpa2021v02/source/prdrtm.f
cpa2021v02/source/rrcnv.f
cpa2021v02/source/gsdatprnrm.f
cpa2021v02/source/rndkpt.f
cpa2021v02/source/brintg.f
cpa2021v02/source/vcancy.f
cpa2021v02/source/hexmtr.f
cpa2021v02/source/bzmsmb.f
cpa2021v02/source/nesbet.f
cpa2021v02/source/viomix.f
cpa2021v02/source/atmrot.f
cpa2021v02/source/mdbsl.f
cpa2021v02/source/sintgr.f
cpa2021v02/source/readin.f
cpa2021v02/source/vrotat.f
cpa2021v02/source/qvolum.f
cpa2021v02/source/dawson.f
cpa2021v02/source/chleng.f
cpa2021v02/source/corlsd.f
cpa2021v02/source/errtrp.f
cpa2021v02/source/poisnb.f
cpa2021v02/source/cmdbsl.f
cpa2021v02/source/corcnf.f
cpa2021v02/source/rsymeq.f
cpa2021v02/source/rnmrdx.f
cpa2021v02/source/chktyp.f
cpa2021v02/source/ty2ity.f
cpa2021v02/source/crtint.f
cpa2021v02/source/bzmsmf.f
cpa2021v02/source/polin0.f
cpa2021v02/source/excmjw.f
cpa2021v02/source/prntpn.f
cpa2021v02/source/uclock.f
cpa2021v02/source/guessz.f
cpa2021v02/source/mkemap.f
cpa2021v02/source/rludcm.f
cpa2021v02/source/getorg.f
cpa2021v02/source/diagrs.f
cpa2021v02/source/sbrnch.f
cpa2021v02/source/cgc.f
cpa2021v02/source/ifkey.f
cpa2021v02/source/gpd.f
cpa2021v02/source/chkprm.f
cpa2021v02/source/dspcpa.f
cpa2021v02/source/rmserr.f
cpa2021v02/source/cnsole.f
cpa2021v02/source/gtchst.f
cpa2021v02/source/brvsy2.f
cpa2021v02/source/atmnum.f
cpa2021v02/source/getrtm.f
cpa2021v02/source/setarr.f
cpa2021v02/source/bzmrtf.f
cpa2021v02/source/lstcgt.f
cpa2021v02/source/bzmrot.f
cpa2021v02/source/poisna.f
cpa2021v02/source/qromo2.f
cpa2021v02/source/phasea.f
cpa2021v02/source/equari.f
cpa2021v02/source/readk.f
cpa2021v02/source/tchmta.f
cpa2021v02/source/rotave.f
cpa2021v02/source/potenv2.f
cpa2021v02/source/chklat.f
cpa2021v02/source/apairs.f
cpa2021v02/source/radsra.f
cpa2021v02/source/cemesr.f
cpa2021v02/source/cnstvc.f
cpa2021v02/source/rotatm2.f
cpa2021v02/source/corgga.f
cpa2021v02/source/clrarc.f
cpa2021v02/source/brvsym.f
cpa2021v02/source/cgy.f
cpa2021v02/source/sbtime.f
cpa2021v02/source/excpbe.f
cpa2021v02/source/numprc.f
cpa2021v02/source/zroots.f
cpa2021v02/source/pltmrk.f
cpa2021v02/source/gintgr.f
cpa2021v02/source/swparr.f
cpa2021v02/source/equarr.f
cpa2021v02/source/corada.f
cpa2021v02/source/transp.f
cpa2021v02/source/excpyv.f
cpa2021v02/source/prmvec.f
cpa2021v02/source/spmain.f
cpa2021v02/source/excpym.f
cpa2021v02/source/utimer.f
cpa2021v02/source/cubmtr.f
cpa2021v02/source/nfqlty.f
cpa2021v02/source/cprinv.f
cpa2021v02/source/ibrava.f
cpa2021v02/source/isrtyp.f
cpa2021v02/source/guesse.f
cpa2021v02/source/getwsr.f
cpa2021v02/source/gpdos.f
cpa2021v02/source/dsenum.f
cpa2021v02/source/trmkey.f
cpa2021v02/source/redata.f
cpa2021v02/source/cinvrx.f
cpa2021v02/source/drivtv.f
cpa2021v02/source/setarc.f
cpa2021v02/source/getnum.f
cpa2021v02/source/eranlb.f
cpa2021v02/source/biomix.f
cpa2021v02/source/gengpt.f
cpa2021v02/source/rotatm.f
cpa2021v02/source/equarx.f
cpa2021v02/source/atmcor.f
cpa2021v02/source/phasef.f
cpa2021v02/source/mseque.f
cpa2021v02/source/polint.f
cpa2021v02/source/cgnwt.f
cpa2021v02/source/numcor.f
cpa2021v02/source/excg91.f
cpa2021v02/source/finitn.f
cpa2021v02/source/numcor_c.c
cpa2021v02/source/uutrns.f
cpa2021v02/source/neutrl.f
cpa2021v02/source/cgntcd.f
cpa2021v02/source/excev.f
cpa2021v02/source/bzmesh.f
cpa2021v02/source/gnpset.f
cpa2021v02/source/extorg.f
cpa2021v02/source/ratin0.f
cpa2021v02/source/xtoken.f
cpa2021v02/source/banden.f
cpa2021v02/source/nzxelm.f
cpa2021v02/source/radnrl.f
cpa2021v02/source/getdtb.f
cpa2021v02/source/cinvrm.f
cpa2021v02/source/getcrt.f
cpa2021v02/source/fczero.f
cpa2021v02/source/exgga.f
cpa2021v02/source/erfc.f
cpa2021v02/source/mshatm.f
cpa2021v02/source/dspgm.f
cpa2021v02/source/stfact.f
cpa2021v02/source/alphac.f
cpa2021v02/source/aveari.f
cpa2021v02/source/green.f
cpa2021v02/source/inijip.f
cpa2021v02/source/cgntcs.f
cpa2021v02/source/broydn.f
cpa2021v02/source/subscr.f
cpa2021v02/source/radial.f
cpa2021v02/source/cstatc.f
cpa2021v02/source/tfp.f
cpa2021v02/source/gpsort.f
cpa2021v02/source/potenv.f
cpa2021v02/source/lftfil.f
cpa2021v02/source/uxcor.f
cpa2021v02/source/getfil.f
cpa2021v02/source/rlubks.f
cpa2021v02/source/ckmesh.f
cpa2021v02/source/erranc.f
cpa2021v02/source/reconf.f
cpa2021v02/source/chrdnc.f
cpa2021v02/source/equarc.f
cpa2021v02/source/clrarr.f
cpa2021v02/source/vwncor.f
cpa2021v02/source/prdmtc.f
cpa2021v02/source/chrasa.f
cpa2021v02/source/atmicv.f
cpa2021v02/source/cpaitr.f
cpa2021v02/source/cpshft.f
cpa2021v02/source/lsqftr.f
cpa2021v02/source/spckkr.f
cpa2021v02/source/gcor.f
cpa2021v02/source/fd3.f
cpa2021v02/source/fintgr.f
cpa2021v02/source/mdexp2.f
cpa2021v02/source/wrtspc.f
cpa2021v02/source/fldf.f
cpa2021v02/source/tchstr.f
cpa2021v02/source/gettmp.f
cpa2021v02/source/gntcs.f
cpa2021v02/source/etaopt.f
cpa2021v02/source/setari.f
cpa2021v02/source/rnmrdt.f
cpa2021v02/source/madlng.f
cpa2021v02/source/excgga.f
cpa2021v02/source/drvmsh.f
cpa2021v02/source/spc.f
cpa2021v02/source/phaseb.f
cpa2021v02/source/wtmesh.f
cpa2021v02/source/reduce.f
cpa2021v02/source/cryrho.f
cpa2021v02/source/specx.f
cpa2021v02/source/swpari.f
cpa2021v02/source/exclmm.f
cpa2021v02/source/chkcnf.f
cpa2021v02/source/clrari.f
cpa2021v02/source/rmesha.f
cpa2021v02/sample/
cpa2021v02/sample/out_sample/
cpa2021v02/sample/out_sample/mg
cpa2021v02/sample/out_sample/mgh2
cpa2021v02/sample/out_sample/cras
cpa2021v02/sample/out_sample/fe2val
cpa2021v02/sample/out_sample/fe_lmd
cpa2021v02/sample/out_sample/co
cpa2021v02/sample/out_sample/licoo2
cpa2021v02/sample/out_sample/fe_latt
cpa2021v02/sample/out_sample/fe_ru
cpa2021v02/sample/out_sample/fe_h
cpa2021v02/sample/out_sample/gaas
cpa2021v02/sample/out_sample/li
cpa2021v02/sample/out_sample/ni
cpa2021v02/sample/out_sample/nife
cpa2021v02/sample/out_sample/fe
cpa2021v02/sample/vchk
cpa2021v02/sample/out/
cpa2021v02/sample/usage_of_vchk
cpa2021v02/sample/data/
cpa2021v02/sample/in/
cpa2021v02/sample/in/mg
cpa2021v02/sample/in/mgh2
cpa2021v02/sample/in/cras
cpa2021v02/sample/in/fe2val
cpa2021v02/sample/in/fe_lmd
cpa2021v02/sample/in/co
cpa2021v02/sample/in/licoo2
cpa2021v02/sample/in/fe_latt
cpa2021v02/sample/in/fe_ru
cpa2021v02/sample/in/fe_h
cpa2021v02/sample/in/gaas
cpa2021v02/sample/in/li
cpa2021v02/sample/in/ni
cpa2021v02/sample/in/nife
cpa2021v02/sample/in/fe
cpa2021v02/makefile
cpa2021v02/out/
cpa2021v02/data/
cpa2021v02/in/
cpa2021v02/in/mg
cpa2021v02/in/mgh2
cpa2021v02/in/cras
cpa2021v02/in/fe2val
cpa2021v02/in/fe_lmd
cpa2021v02/in/co
cpa2021v02/in/licoo2
cpa2021v02/in/fe_latt
cpa2021v02/in/fe_ru
cpa2021v02/in/fe_h
cpa2021v02/in/gaas
cpa2021v02/in/li
cpa2021v02/in/ni
cpa2021v02/in/nife
cpa2021v02/in/fe
cpa2021v02/.swp
cpa2021v02/util/
cpa2021v02/util/inputsample
cpa2021v02/util/fmg.f
[r00046@a25-7109c recipe]$ cd cpa2021v02/sample
[r00046@a25-7109c sample]$ ls
data/  in/  out/  out_sample/  usage_of_vchk  vchk*
[r00046@a25-7109c sample]$ sed -i -e "s,/bin/csh,/bin/bash," vchk
[r00046@a25-7109c sample]$ sed -i -e "s@../specx@specx@g" vchk
[r00046@a25-7109c sample]$ ls -l vck
ls: cannot access 'vck': No such file or directory
[r00046@a25-7109c sample]$ ls -l vck hk
-rwxr-xr-x 1 r00046 rist 547 Mar 14 16:58 vchk*
[r00046@a25-7109c sample]$ ./vchk
rm: cannot remove 'data/*': No such file or directory
Co
Fe
Fe_H
Fe_lmd
GaAs
LiCoO2
MgH2
NiFe
CrAs
Fe2VAl
Fe_latt
Fe_Ru
Li
Mg
Ni
[r00046@a25-7109c sample]$ diff out_sample/co out/co |grep "total energy"
<    band energy=    9.223898278   [01;31m[Ktotal energy[m[K=  -5521.498877573
>    band energy=    9.223898274   [01;31m[Ktotal energy[m[K=  -5521.498877573
[r00046@a25-7109c sample]$ exit
exit
sh-4.4$ exit
exit

Script done on 2024-03-14 17:01:31+09:00
